{
  "f": {
    "params": [],
    "ret": [ "Allocsite(0)" ],
    "env": { "%x(f)": [ "Allocsite(0)" ] }
  }
}